
Map of Debug\stvd_project.sm8 from link file Debug\stvd_project.lkf - Thu May 27 13:59:36 2021


                               --------
                               Segments
                               --------

start 00008080 end 00008090 length    16 segment .const
start 000080a6 end 00008b4c length  2726 segment .text
start 00008b4c end 00008b4c length     0 segment .TSL_IO_ALCODE
start 00004000 end 00004000 length     0 segment .eeprom
start 00000000 end 0000000e length    14 segment .bsct, initialized
start 00008098 end 000080a6 length    14 segment .bsct, from
start 0000000e end 00000018 length    10 segment .ubsct
start 00000018 end 00000018 length     0 segment .bit
start 00000018 end 00000018 length     0 segment .share
start 00000100 end 00000100 length     0 segment .data
start 00000100 end 00000100 length     0 segment .bss
start 00000000 end 000006d1 length  1745 segment .info.
start 00000000 end 0000445c length 17500 segment .debug
start 00008000 end 00008080 length   128 segment .const
start 00008090 end 00008098 length     8 segment .init


                               -------
                               Modules
                               -------

C:\Program Files (x86)\COSMIC\FSE_Compilers\CXSTM8\lib\crtsi0.sm8:
start 000080a6 end 000080f6 length    80 section .text
start 00000100 end 00000100 length     0 section .bss
start 0000000e end 0000000e length     0 section .ubsct
start 00000000 end 00000034 length    52 section .info.

Debug\stm8s_clk.o:
start 000080f6 end 000083e4 length   750 section .text
start 00000000 end 0000166f length  5743 section .debug
start 00000034 end 000000c5 length   145 section .info.
start 00008080 end 0000808c length    12 section .const

Debug\stm8s_gpio.o:
start 000083e4 end 0000846d length   137 section .text
start 0000166f end 00002079 length  2570 section .debug
start 000000c5 end 00000157 length   146 section .info.

Debug\stm8s_uart2.o:
start 0000846d end 00008824 length   951 section .text
start 00002079 end 0000365f length  5606 section .debug
start 00000157 end 000001ea length   147 section .info.
start 0000808c end 00008090 length     4 section .const

Debug\driver.o:
start 0000365f end 000036a3 length    68 section .debug
start 000001ea end 00000278 length   142 section .info.

Debug\main.o:
start 00008824 end 00008975 length   337 section .text
start 00000000 end 0000000e length    14 section .bsct
start 000036a3 end 00003c70 length  1485 section .debug
start 00000278 end 00000304 length   140 section .info.

Debug\stm8s_it.o:
start 00008975 end 0000898c length    23 section .text
start 00003c70 end 00004336 length  1734 section .debug
start 00000304 end 00000394 length   144 section .info.

(C:\Program Files (x86)\COSMIC\FSE_Compilers\CXSTM8\lib\libm0.sm8)llsh.o:
start 0000898c end 0000899b length    15 section .text
start 00000394 end 000003c3 length    47 section .info.

(C:\Program Files (x86)\COSMIC\FSE_Compilers\CXSTM8\lib\libm0.sm8)lreg.o:
start 0000000e end 00000012 length     4 section .ubsct
start 000003c3 end 000003f2 length    47 section .info.

(C:\Program Files (x86)\COSMIC\FSE_Compilers\CXSTM8\lib\libm0.sm8)lsub.o:
start 0000899b end 000089b3 length    24 section .text
start 000003f2 end 00000421 length    47 section .info.

(C:\Program Files (x86)\COSMIC\FSE_Compilers\CXSTM8\lib\libm0.sm8)ltor.o:
start 000089b3 end 000089c5 length    18 section .text
start 00000421 end 00000450 length    47 section .info.

(C:\Program Files (x86)\COSMIC\FSE_Compilers\CXSTM8\lib\libm0.sm8)ludiv.o:
start 000089c5 end 000089d9 length    20 section .text
start 00000450 end 00000480 length    48 section .info.

(C:\Program Files (x86)\COSMIC\FSE_Compilers\CXSTM8\lib\libm0.sm8)ldiv.o:
start 000089d9 end 00008ac4 length   235 section .text
start 00000480 end 000004af length    47 section .info.

(C:\Program Files (x86)\COSMIC\FSE_Compilers\CXSTM8\lib\libm0.sm8)lgneg.o:
start 00008ac4 end 00008ad7 length    19 section .text
start 000004af end 000004df length    48 section .info.

(C:\Program Files (x86)\COSMIC\FSE_Compilers\CXSTM8\lib\libm0.sm8)lneg.o:
start 00008ad7 end 00008aec length    21 section .text
start 000004df end 0000050e length    47 section .info.

(C:\Program Files (x86)\COSMIC\FSE_Compilers\CXSTM8\lib\libm0.sm8)lursh.o:
start 00008aec end 00008afb length    15 section .text
start 0000050e end 0000053e length    48 section .info.

(C:\Program Files (x86)\COSMIC\FSE_Compilers\CXSTM8\lib\libm0.sm8)rtol.o:
start 00008afb end 00008b0d length    18 section .text
start 0000053e end 0000056d length    47 section .info.

(C:\Program Files (x86)\COSMIC\FSE_Compilers\CXSTM8\lib\libm0.sm8)smul.o:
start 00008b0d end 00008b4c length    63 section .text
start 0000056d end 0000059c length    47 section .info.

(C:\Program Files (x86)\COSMIC\FSE_Compilers\CXSTM8\lib\libm0.sm8)xreg.o:
start 00000012 end 00000015 length     3 section .ubsct
start 0000059c end 000005cb length    47 section .info.

(C:\Program Files (x86)\COSMIC\FSE_Compilers\CXSTM8\lib\libm0.sm8)yreg.o:
start 00000015 end 00000018 length     3 section .ubsct
start 000005cb end 000005fa length    47 section .info.

Debug\stm8_interrupt_vector.o:
start 00004336 end 0000445c length   294 section .debug
start 000005fa end 00000697 length   157 section .info.
start 00008000 end 00008080 length   128 section .const


                             -----------
                             Stack usage
                             -----------

Debug\main.o:
_GPIO_setup                             8   (2)
_UART2_setup                           52   (2)
_UARTsend                               4   (2)
_clock_setup                           12   (2)
_getData                                6   (6)
_innit_data                             2   (2)
_main                              >   56   (4)
_sendData                              30   (24)

Debug\stm8s_clk.o:
_CLK_AdjustHSICalibrationValue     >    3   (3)
_CLK_CCOCmd                        >    2   (2)
_CLK_CCOConfig                     >    3   (3)
_CLK_ClearITPendingBit             >    2   (2)
_CLK_ClockSecuritySystemEnable     >    2   (2)
_CLK_ClockSwitchCmd                     2   (2)
_CLK_ClockSwitchConfig                 10   (10)
_CLK_DeInit                             2   (2)
_CLK_FastHaltWakeUpCmd             >    2   (2)
_CLK_GetClockFreq                      25   (11)
_CLK_GetFlagStatus                      7   (7)
_CLK_GetITStatus                   >    4   (4)
_CLK_GetSYSCLKSource               >    2   (2)
_CLK_HSECmd                             2   (2)
_CLK_HSICmd                             2   (2)
_CLK_HSIPrescalerConfig                 3   (3)
_CLK_ITConfig                      >    4   (4)
_CLK_LSICmd                             2   (2)
_CLK_PeripheralClockConfig              4   (4)
_CLK_SWIMConfig                    >    2   (2)
_CLK_SYSCLKConfig                       3   (3)
_CLK_SYSCLKEmergencyClear          >    2   (2)
_CLK_SlowActiveHaltWakeUpCmd       >    2   (2)

Debug\stm8s_gpio.o:
_GPIO_DeInit                            2   (2)
_GPIO_ExternalPullUpConfig         >    6   (6)
_GPIO_Init                              6   (6)
_GPIO_ReadInputData                >    2   (2)
_GPIO_ReadInputPin                 >    5   (5)
_GPIO_ReadOutputData               >    2   (2)
_GPIO_Write                        >    5   (5)
_GPIO_WriteHigh                    >    5   (5)
_GPIO_WriteLow                          5   (5)
_GPIO_WriteReverse                 >    5   (5)

Debug\stm8s_it.o:
f_ADC1_IRQHandler                  >    6   (6)
f_AWU_IRQHandler                   >    6   (6)
f_CLK_IRQHandler                   >    6   (6)
f_EEPROM_EEC_IRQHandler            >    6   (6)
f_EXTI_PORTA_IRQHandler            >    6   (6)
f_EXTI_PORTB_IRQHandler            >    6   (6)
f_EXTI_PORTC_IRQHandler            >    6   (6)
f_EXTI_PORTD_IRQHandler            >    6   (6)
f_EXTI_PORTE_IRQHandler            >    6   (6)
f_I2C_IRQHandler                   >    6   (6)
f_NonHandledInterrupt              >    6   (6)
f_SPI_IRQHandler                   >    6   (6)
f_TIM1_CAP_COM_IRQHandler          >    6   (6)
f_TIM1_UPD_OVF_TRG_BRK_IRQHandler  >    6   (6)
f_TIM2_CAP_COM_IRQHandler          >    6   (6)
f_TIM2_UPD_OVF_BRK_IRQHandler      >    6   (6)
f_TIM3_CAP_COM_IRQHandler          >    6   (6)
f_TIM3_UPD_OVF_BRK_IRQHandler      >    6   (6)
f_TIM4_UPD_OVF_IRQHandler          >    6   (6)
f_TLI_IRQHandler                   >    6   (6)
f_TRAP_IRQHandler                  >    6   (6)
f_UART2_RX_IRQHandler              >    6   (6)
f_UART2_TX_IRQHandler              >    6   (6)

Debug\stm8s_uart2.o:
_UART2_ClearFlag                   >    4   (4)
_UART2_ClearITPendingBit           >    4   (4)
_UART2_Cmd                              2   (2)
_UART2_DeInit                           2   (2)
_UART2_GetFlagStatus               >    5   (5)
_UART2_GetITStatus                 >    6   (6)
_UART2_ITConfig                         7   (7)
_UART2_Init                            50   (25)
_UART2_IrDACmd                     >    2   (2)
_UART2_IrDAConfig                  >    2   (2)
_UART2_LINBreakDetectionConfig     >    2   (2)
_UART2_LINCmd                      >    2   (2)
_UART2_LINConfig                   >    5   (5)
_UART2_ReceiveData8                >    2   (2)
_UART2_ReceiveData9                >    4   (4)
_UART2_ReceiverWakeUpCmd           >    2   (2)
_UART2_SendBreak                   >    2   (2)
_UART2_SendData8                        2   (2)
_UART2_SendData9                   >    4   (4)
_UART2_SetAddress                  >    3   (3)
_UART2_SetGuardTime                >    2   (2)
_UART2_SetPrescaler                >    2   (2)
_UART2_SmartCardCmd                >    2   (2)
_UART2_SmartCardNACKCmd            >    2   (2)
_UART2_WakeUpConfig                >    2   (2)

Stack size: 62


                              ---------
                              Call tree
                              ---------
   1 > _CLK_AdjustHSICalibrationValue: (3)

   2 > _CLK_CCOCmd: (2)

   3 > _CLK_CCOConfig: (3)

   4 > _CLK_ClearITPendingBit: (2)

   5 > _CLK_ClockSecuritySystemEnable: (2)

   6 > _CLK_FastHaltWakeUpCmd: (2)

   7 > _CLK_GetITStatus: (4)

   8 > _CLK_GetSYSCLKSource: (2)

   9 > _CLK_ITConfig: (4)

  10 > _CLK_SWIMConfig: (2)

  11 > _CLK_SYSCLKEmergencyClear: (2)

  12 > _CLK_SlowActiveHaltWakeUpCmd: (2)

  13 > _GPIO_ExternalPullUpConfig: (6)

  14 > _GPIO_ReadInputData: (2)

  15 > _GPIO_ReadInputPin: (5)

  16 > _GPIO_ReadOutputData: (2)

  17 > _GPIO_Write: (5)

  18 > _GPIO_WriteHigh: (5)

  19 > _GPIO_WriteReverse: (5)

  20 > _UART2_ClearFlag: (4)

  21 > _UART2_ClearITPendingBit: (4)

  22 > _UART2_GetFlagStatus: (5)

  23 > _UART2_GetITStatus: (6)

  24 > _UART2_IrDACmd: (2)

  25 > _UART2_IrDAConfig: (2)

  26 > _UART2_LINBreakDetectionConfig: (2)

  27 > _UART2_LINCmd: (2)

  28 > _UART2_LINConfig: (5)

  29 > _UART2_ReceiveData8: (2)

  30 > _UART2_ReceiveData9: (4)

  31 > _UART2_ReceiverWakeUpCmd: (2)

  32 > _UART2_SendBreak: (2)

  33 > _UART2_SendData9: (4)

  34 > _UART2_SetAddress: (3)

  35 > _UART2_SetGuardTime: (2)

  36 > _UART2_SetPrescaler: (2)

  37 > _UART2_SmartCardCmd: (2)

  38 > _UART2_SmartCardNACKCmd: (2)

  39 > _UART2_WakeUpConfig: (2)

  40 > __stext: (0)

  41 > _main: (4)
  42      + _GPIO_setup: (2)
  43      |    + _GPIO_DeInit: (2)
  44      |    + _GPIO_Init: (6)
  45      |    + _GPIO_WriteLow: (5)
          | 
  46      + _UART2_setup: (2)
  47      |    + _UART2_Cmd: (2)
  48      |    + _UART2_DeInit: (2)
  49      |    + _UART2_ITConfig: (7)
  50      |    + _UART2_Init: (25)
  51      |    |    + _CLK_GetClockFreq: (11)
          |    | 
          | 
  52      + _clock_setup: (2)
  53      |    + _CLK_ClockSwitchCmd: (2)
  54      |    + _CLK_ClockSwitchConfig: (10)
  55      |    + _CLK_DeInit: (2)
  56      |    + _CLK_GetFlagStatus: (7)
  57      |    + _CLK_HSECmd: (2)
  58      |    + _CLK_HSICmd: (2)
  59      |    + _CLK_HSIPrescalerConfig: (3)
  60      |    + _CLK_LSICmd: (2)
  61      |    + _CLK_PeripheralClockConfig: (4)
  62      |    + _CLK_SYSCLKConfig: (3)
          | 
  63      + _innit_data: (2)
  64      + _sendData: (24)
  65      |    + _UARTsend: (2)
  66      |    |    + _UART2_SendData8: (2)
          |    | 
  67      |    + _getData: (6)
          | 
       
  68 > f_ADC1_IRQHandler: (6)

  69 > f_AWU_IRQHandler: (6)

  70 > f_CLK_IRQHandler: (6)

  71 > f_EEPROM_EEC_IRQHandler: (6)

  72 > f_EXTI_PORTA_IRQHandler: (6)

  73 > f_EXTI_PORTB_IRQHandler: (6)

  74 > f_EXTI_PORTC_IRQHandler: (6)

  75 > f_EXTI_PORTD_IRQHandler: (6)

  76 > f_EXTI_PORTE_IRQHandler: (6)

  77 > f_I2C_IRQHandler: (6)

  78 > f_NonHandledInterrupt: (6)

  79 > f_SPI_IRQHandler: (6)

  80 > f_TIM1_CAP_COM_IRQHandler: (6)

  81 > f_TIM1_UPD_OVF_TRG_BRK_IRQHandler: (6)

  82 > f_TIM2_CAP_COM_IRQHandler: (6)

  83 > f_TIM2_UPD_OVF_BRK_IRQHandler: (6)

  84 > f_TIM3_CAP_COM_IRQHandler: (6)

  85 > f_TIM3_UPD_OVF_BRK_IRQHandler: (6)

  86 > f_TIM4_UPD_OVF_IRQHandler: (6)

  87 > f_TLI_IRQHandler: (6)

  88 > f_TRAP_IRQHandler: (6)

  89 > f_UART2_RX_IRQHandler: (6)

  90 > f_UART2_TX_IRQHandler: (6)

  91   _CLK_ClockSwitchCmd --> 53

  92   _CLK_ClockSwitchConfig --> 54

  93   _CLK_DeInit --> 55

  94   _CLK_GetClockFreq --> 51

  95   _CLK_GetFlagStatus --> 56

  96   _CLK_HSECmd --> 57

  97   _CLK_HSICmd --> 58

  98   _CLK_HSIPrescalerConfig --> 59

  99   _CLK_LSICmd --> 60

 100   _CLK_PeripheralClockConfig --> 61

 101   _CLK_SYSCLKConfig --> 62

 102   _GPIO_DeInit --> 43

 103   _GPIO_Init --> 44

 104   _GPIO_WriteLow --> 45

 105   _GPIO_setup --> 42

 106   _UART2_Cmd --> 47

 107   _UART2_DeInit --> 48

 108   _UART2_ITConfig --> 49

 109   _UART2_Init --> 50

 110   _UART2_SendData8 --> 66

 111   _UART2_setup --> 46

 112   _UARTsend --> 65

 113   _clock_setup --> 52

 114   _getData --> 67

 115   _innit_data --> 63

 116   _sendData --> 64



                               -------
                               Symbols
                               -------

_CLKPrescTable                      00008084   defined in Debug\stm8s_clk.o section .const
_CLK_AdjustHSICalibrationValue      00008362   defined in Debug\stm8s_clk.o section .text
_CLK_CCOCmd                         00008160   defined in Debug\stm8s_clk.o section .text
_CLK_CCOConfig                      0000827d   defined in Debug\stm8s_clk.o section .text
_CLK_ClearITPendingBit              000083d6   defined in Debug\stm8s_clk.o section .text
_CLK_ClockSecuritySystemEnable      000082f8   defined in Debug\stm8s_clk.o section .text
_CLK_ClockSwitchCmd                 0000816d   defined in Debug\stm8s_clk.o section .text
                                               used in Debug\main.o
_CLK_ClockSwitchConfig              000081e1   defined in Debug\stm8s_clk.o section .text
                                               used in Debug\main.o
_CLK_DeInit                         000080f6   defined in Debug\stm8s_clk.o section .text
                                               used in Debug\main.o
_CLK_FastHaltWakeUpCmd              0000812c   defined in Debug\stm8s_clk.o section .text
_CLK_GetClockFreq                   00008301   defined in Debug\stm8s_clk.o section .text
                                               used in Debug\stm8s_uart2.o
_CLK_GetFlagStatus                  00008374   defined in Debug\stm8s_clk.o section .text
                                               used in Debug\main.o
_CLK_GetITStatus                    000083b7   defined in Debug\stm8s_clk.o section .text
_CLK_GetSYSCLKSource                000082fd   defined in Debug\stm8s_clk.o section .text
_CLK_HSECmd                         00008139   defined in Debug\stm8s_clk.o section .text
                                               used in Debug\main.o
_CLK_HSICmd                         00008146   defined in Debug\stm8s_clk.o section .text
                                               used in Debug\main.o
_CLK_HSIPrescalerConfig             0000826a   defined in Debug\stm8s_clk.o section .text
                                               used in Debug\main.o
_CLK_ITConfig                       00008294   defined in Debug\stm8s_clk.o section .text
_CLK_LSICmd                         00008153   defined in Debug\stm8s_clk.o section .text
                                               used in Debug\main.o
_CLK_PeripheralClockConfig          00008187   defined in Debug\stm8s_clk.o section .text
                                               used in Debug\main.o
_CLK_SWIMConfig                     000082eb   defined in Debug\stm8s_clk.o section .text
_CLK_SYSCLKConfig                   000082c4   defined in Debug\stm8s_clk.o section .text
                                               used in Debug\main.o
_CLK_SYSCLKEmergencyClear           0000836f   defined in Debug\stm8s_clk.o section .text
_CLK_SlowActiveHaltWakeUpCmd        0000817a   defined in Debug\stm8s_clk.o section .text
_GPIO_DeInit                        000083e4   defined in Debug\stm8s_gpio.o section .text
                                               used in Debug\main.o
_GPIO_ExternalPullUpConfig          0000845b   defined in Debug\stm8s_gpio.o section .text
_GPIO_Init                          000083ec   defined in Debug\stm8s_gpio.o section .text
                                               used in Debug\main.o
_GPIO_ReadInputData                 00008453   defined in Debug\stm8s_gpio.o section .text
_GPIO_ReadInputPin                  00008456   defined in Debug\stm8s_gpio.o section .text
_GPIO_ReadOutputData                00008451   defined in Debug\stm8s_gpio.o section .text
_GPIO_Write                         0000843d   defined in Debug\stm8s_gpio.o section .text
_GPIO_WriteHigh                     00008441   defined in Debug\stm8s_gpio.o section .text
_GPIO_WriteLow                      00008446   defined in Debug\stm8s_gpio.o section .text
                                               used in Debug\main.o
_GPIO_WriteReverse                  0000844c   defined in Debug\stm8s_gpio.o section .text
_GPIO_setup                         00008933   defined in Debug\main.o section .text
_HSIDivFactor                       00008080   defined in Debug\stm8s_clk.o section .const
_UART2_ClearFlag                    0000876d   defined in Debug\stm8s_uart2.o section .text
_UART2_ClearITPendingBit            0000880b   defined in Debug\stm8s_uart2.o section .text
_UART2_Cmd                          000085b5   defined in Debug\stm8s_uart2.o section .text
                                               used in Debug\main.o
_UART2_DeInit                       0000846d   defined in Debug\stm8s_uart2.o section .text
                                               used in Debug\main.o
_UART2_GetFlagStatus                0000872e   defined in Debug\stm8s_uart2.o section .text
_UART2_GetITStatus                  00008790   defined in Debug\stm8s_uart2.o section .text
_UART2_ITConfig                     000085c2   defined in Debug\stm8s_uart2.o section .text
                                               used in Debug\main.o
_UART2_Init                         00008494   defined in Debug\stm8s_uart2.o section .text
                                               used in Debug\main.o
_UART2_IrDACmd                      0000864d   defined in Debug\stm8s_uart2.o section .text
_UART2_IrDAConfig                   00008640   defined in Debug\stm8s_uart2.o section .text
_UART2_LINBreakDetectionConfig      0000865a   defined in Debug\stm8s_uart2.o section .text
_UART2_LINCmd                       00008694   defined in Debug\stm8s_uart2.o section .text
_UART2_LINConfig                    00008667   defined in Debug\stm8s_uart2.o section .text
_UART2_ReceiveData8                 000086d3   defined in Debug\stm8s_uart2.o section .text
_UART2_ReceiveData9                 000086d7   defined in Debug\stm8s_uart2.o section .text
_UART2_ReceiverWakeUpCmd            000086c6   defined in Debug\stm8s_uart2.o section .text
_UART2_SendBreak                    0000870e   defined in Debug\stm8s_uart2.o section .text
_UART2_SendData8                    000086f3   defined in Debug\stm8s_uart2.o section .text
                                               used in Debug\main.o
_UART2_SendData9                    000086f7   defined in Debug\stm8s_uart2.o section .text
_UART2_SetAddress                   00008713   defined in Debug\stm8s_uart2.o section .text
_UART2_SetGuardTime                 00008726   defined in Debug\stm8s_uart2.o section .text
_UART2_SetPrescaler                 0000872a   defined in Debug\stm8s_uart2.o section .text
_UART2_SmartCardCmd                 000086a1   defined in Debug\stm8s_uart2.o section .text
_UART2_SmartCardNACKCmd             000086ae   defined in Debug\stm8s_uart2.o section .text
_UART2_WakeUpConfig                 000086bb   defined in Debug\stm8s_uart2.o section .text
_UART2_setup                        0000894e   defined in Debug\main.o section .text
_UARTsend                           000088ab   defined in Debug\main.o section .text
__endmem                            000005ff   defined in command file
                                               *** not used ***
__endzp                             00000018   defined in command file section .ubsct
                                               used in C:\Program Files (x86)\COSMIC\FSE_Compilers\CXSTM8\lib\crtsi0.sm8
__idesc__                           00008090   defined in linker section .init
                                               used in C:\Program Files (x86)\COSMIC\FSE_Compilers\CXSTM8\lib\crtsi0.sm8
__memory                            00000100   defined in command file section .bss
                                               used in C:\Program Files (x86)\COSMIC\FSE_Compilers\CXSTM8\lib\crtsi0.sm8
__stack                             000007ff   defined in command file
                                               used in C:\Program Files (x86)\COSMIC\FSE_Compilers\CXSTM8\lib\crtsi0.sm8
__startmem                          00000100   defined in command file section .bss
                                               *** not used ***
__stext                             000080a6   defined in C:\Program Files (x86)\COSMIC\FSE_Compilers\CXSTM8\lib\crtsi0.sm8 section .text
                                               used in Debug\stm8_interrupt_vector.o
__vectab                            00008000   defined in Debug\stm8_interrupt_vector.o section .const
_clock_setup                        000088d2   defined in Debug\main.o section .text
_exit                               000080f4   defined in C:\Program Files (x86)\COSMIC\FSE_Compilers\CXSTM8\lib\crtsi0.sm8 section .text
_getData                            00008877   defined in Debug\main.o section .text
_innit_data                         000088b4   defined in Debug\main.o section .text
_main                               00008824   defined in Debug\main.o section .text
                                               used in C:\Program Files (x86)\COSMIC\FSE_Compilers\CXSTM8\lib\crtsi0.sm8
_sendData                           00008845   defined in Debug\main.o section .text
c_divsl                             000089d9   defined in (C:\Program Files (x86)\COSMIC\FSE_Compilers\CXSTM8\lib\libm0.sm8)ldiv.o section .text
                                               *** not used ***
c_divul                             000089f0   defined in (C:\Program Files (x86)\COSMIC\FSE_Compilers\CXSTM8\lib\libm0.sm8)ldiv.o section .text
                                               used in (C:\Program Files (x86)\COSMIC\FSE_Compilers\CXSTM8\lib\libm0.sm8)ludiv.o
c_lgneg                             00008ac4   defined in (C:\Program Files (x86)\COSMIC\FSE_Compilers\CXSTM8\lib\libm0.sm8)lgneg.o section .text
                                               used in (C:\Program Files (x86)\COSMIC\FSE_Compilers\CXSTM8\lib\libm0.sm8)ldiv.o
c_llsh                              0000898c   defined in (C:\Program Files (x86)\COSMIC\FSE_Compilers\CXSTM8\lib\libm0.sm8)llsh.o section .text
                                               used in Debug\stm8s_uart2.o
c_lneg                              00008ad7   defined in (C:\Program Files (x86)\COSMIC\FSE_Compilers\CXSTM8\lib\libm0.sm8)lneg.o section .text
                                               used in (C:\Program Files (x86)\COSMIC\FSE_Compilers\CXSTM8\lib\libm0.sm8)ldiv.o
c_lreg                              0000000e   defined in (C:\Program Files (x86)\COSMIC\FSE_Compilers\CXSTM8\lib\libm0.sm8)lreg.o section .ubsct
                                               used in Debug\stm8s_clk.o
                                                       Debug\stm8s_uart2.o
                                                       (C:\Program Files (x86)\COSMIC\FSE_Compilers\CXSTM8\lib\libm0.sm8)llsh.o
                                                       (C:\Program Files (x86)\COSMIC\FSE_Compilers\CXSTM8\lib\libm0.sm8)lsub.o
                                                       (C:\Program Files (x86)\COSMIC\FSE_Compilers\CXSTM8\lib\libm0.sm8)ltor.o
                                                       (C:\Program Files (x86)\COSMIC\FSE_Compilers\CXSTM8\lib\libm0.sm8)ldiv.o
                                                       (C:\Program Files (x86)\COSMIC\FSE_Compilers\CXSTM8\lib\libm0.sm8)lneg.o
                                                       (C:\Program Files (x86)\COSMIC\FSE_Compilers\CXSTM8\lib\libm0.sm8)lursh.o
                                                       (C:\Program Files (x86)\COSMIC\FSE_Compilers\CXSTM8\lib\libm0.sm8)rtol.o
                                                       (C:\Program Files (x86)\COSMIC\FSE_Compilers\CXSTM8\lib\libm0.sm8)smul.o
c_lsub                              0000899b   defined in (C:\Program Files (x86)\COSMIC\FSE_Compilers\CXSTM8\lib\libm0.sm8)lsub.o section .text
                                               used in Debug\stm8s_uart2.o
c_ltor                              000089b3   defined in (C:\Program Files (x86)\COSMIC\FSE_Compilers\CXSTM8\lib\libm0.sm8)ltor.o section .text
                                               used in Debug\stm8s_clk.o
                                                       Debug\stm8s_uart2.o
c_ludv                              000089c5   defined in (C:\Program Files (x86)\COSMIC\FSE_Compilers\CXSTM8\lib\libm0.sm8)ludiv.o section .text
                                               used in Debug\stm8s_clk.o
                                                       Debug\stm8s_uart2.o
c_lursh                             00008aec   defined in (C:\Program Files (x86)\COSMIC\FSE_Compilers\CXSTM8\lib\libm0.sm8)lursh.o section .text
                                               used in Debug\stm8s_uart2.o
c_rtol                              00008afb   defined in (C:\Program Files (x86)\COSMIC\FSE_Compilers\CXSTM8\lib\libm0.sm8)rtol.o section .text
                                               used in Debug\stm8s_clk.o
                                                       Debug\stm8s_uart2.o
c_smul                              00008b0d   defined in (C:\Program Files (x86)\COSMIC\FSE_Compilers\CXSTM8\lib\libm0.sm8)smul.o section .text
                                               used in Debug\stm8s_uart2.o
c_x                                 00000012   defined in (C:\Program Files (x86)\COSMIC\FSE_Compilers\CXSTM8\lib\libm0.sm8)xreg.o section .ubsct
                                               used in C:\Program Files (x86)\COSMIC\FSE_Compilers\CXSTM8\lib\crtsi0.sm8
                                                       (C:\Program Files (x86)\COSMIC\FSE_Compilers\CXSTM8\lib\libm0.sm8)ldiv.o
c_y                                 00000015   defined in (C:\Program Files (x86)\COSMIC\FSE_Compilers\CXSTM8\lib\libm0.sm8)yreg.o section .ubsct
                                               used in C:\Program Files (x86)\COSMIC\FSE_Compilers\CXSTM8\lib\crtsi0.sm8
f_ADC1_IRQHandler                   00008989   defined in Debug\stm8s_it.o section .text
                                               used in Debug\stm8_interrupt_vector.o
f_AWU_IRQHandler                    00008978   defined in Debug\stm8s_it.o section .text
                                               used in Debug\stm8_interrupt_vector.o
f_CLK_IRQHandler                    00008979   defined in Debug\stm8s_it.o section .text
                                               used in Debug\stm8_interrupt_vector.o
f_EEPROM_EEC_IRQHandler             0000898b   defined in Debug\stm8s_it.o section .text
                                               used in Debug\stm8_interrupt_vector.o
f_EXTI_PORTA_IRQHandler             0000897a   defined in Debug\stm8s_it.o section .text
                                               used in Debug\stm8_interrupt_vector.o
f_EXTI_PORTB_IRQHandler             0000897b   defined in Debug\stm8s_it.o section .text
                                               used in Debug\stm8_interrupt_vector.o
f_EXTI_PORTC_IRQHandler             0000897c   defined in Debug\stm8s_it.o section .text
                                               used in Debug\stm8_interrupt_vector.o
f_EXTI_PORTD_IRQHandler             0000897d   defined in Debug\stm8s_it.o section .text
                                               used in Debug\stm8_interrupt_vector.o
f_EXTI_PORTE_IRQHandler             0000897e   defined in Debug\stm8s_it.o section .text
                                               used in Debug\stm8_interrupt_vector.o
f_I2C_IRQHandler                    00008986   defined in Debug\stm8s_it.o section .text
                                               used in Debug\stm8_interrupt_vector.o
f_NonHandledInterrupt               00008975   defined in Debug\stm8s_it.o section .text
                                               used in Debug\stm8_interrupt_vector.o
f_SPI_IRQHandler                    0000897f   defined in Debug\stm8s_it.o section .text
                                               used in Debug\stm8_interrupt_vector.o
f_TIM1_CAP_COM_IRQHandler           00008981   defined in Debug\stm8s_it.o section .text
                                               used in Debug\stm8_interrupt_vector.o
f_TIM1_UPD_OVF_TRG_BRK_IRQHandler   00008980   defined in Debug\stm8s_it.o section .text
                                               used in Debug\stm8_interrupt_vector.o
f_TIM2_CAP_COM_IRQHandler           00008983   defined in Debug\stm8s_it.o section .text
                                               used in Debug\stm8_interrupt_vector.o
f_TIM2_UPD_OVF_BRK_IRQHandler       00008982   defined in Debug\stm8s_it.o section .text
                                               used in Debug\stm8_interrupt_vector.o
f_TIM3_CAP_COM_IRQHandler           00008985   defined in Debug\stm8s_it.o section .text
                                               used in Debug\stm8_interrupt_vector.o
f_TIM3_UPD_OVF_BRK_IRQHandler       00008984   defined in Debug\stm8s_it.o section .text
                                               used in Debug\stm8_interrupt_vector.o
f_TIM4_UPD_OVF_IRQHandler           0000898a   defined in Debug\stm8s_it.o section .text
                                               used in Debug\stm8_interrupt_vector.o
f_TLI_IRQHandler                    00008977   defined in Debug\stm8s_it.o section .text
                                               used in Debug\stm8_interrupt_vector.o
f_TRAP_IRQHandler                   00008976   defined in Debug\stm8s_it.o section .text
                                               used in Debug\stm8_interrupt_vector.o
f_UART2_RX_IRQHandler               00008988   defined in Debug\stm8s_it.o section .text
                                               used in Debug\stm8_interrupt_vector.o
f_UART2_TX_IRQHandler               00008987   defined in Debug\stm8s_it.o section .text
                                               used in Debug\stm8_interrupt_vector.o
